
.master-key
bin/
bin/test
bin/meow
credentials/
credentials/github-password
credentials/secretplace/
credentials/secretplace/password
credentials/secretplace/username
credentials/secretplace/ip
